mode: set
github.com/vtuanjs/my-project/tests/basic/main.go:3.24,5.2 1 1
